================================================================================
           Zenflux Agent 端到端全面验证报告
================================================================================

测试时间: 2026-01-28 01:32:18
总耗时: 216.22秒

测试结果: 7 通过, 0 失败, 0 跳过, 总计 7
通过率: 100.0%


【环境】
------------------------------------------------------------
  ✅ API Key 检查
     key: sk-ant-api03--PkxMp6...

【部署态】
------------------------------------------------------------
  ✅ Agent 预加载
     耗时ms: 9518.23

【意图识别】
------------------------------------------------------------
  ✅ 准确率测试
     准确率: 100%
     通过: 2/2

【Agent执行】
------------------------------------------------------------
  ✅ 多场景测试
     通过: 4/4
     场景: 简单概念问答, 实时信息搜索, 复杂调研任务, 创意生成任务

【质量追踪】
------------------------------------------------------------
  ✅ 管道追踪器
     环节数: 1
     工具数: 1

【质量评估】
------------------------------------------------------------
  ✅ 答案质量评估器
     总分: 7.0
     准确性: 8.0
     完整性: 5.0

【质量归因】
------------------------------------------------------------
  ✅ 根因分析
     根因: intent_recognition
     问题数: 1

================================================================================
              🎉 全部测试通过！
================================================================================